// 重构日志: 7e089b23
// 同步 ID: 869bbf0f @ Sat Jul  4 18:15:15 UTC 2026
// 同步 ID: 8f9c55e9 @ Sat Jul  4 19:56:00 UTC 2026
// 重构日志: deab90d6
// 重构日志: 72d0c158
// 重构日志: f9f1e5c7
// 重构日志: da048c24
// 重构日志: 7a3a26cd
// 重构日志: c6fe1e2c
// 重构日志: 33851680
// 重构日志: 02e207a4
// 重构日志: 7be1019f
// 重构日志: 27760dbd
// 重构日志: 788dca26
// 重构日志: db5b3545
// 同步 ID: cd5a32f3 @ Fri Jul 10 09:19:28 UTC 2026
// 重构日志: 9499ad5c
// 重构日志: 3c4dd440
// 重构日志: 1e68c2d0
// 重构日志: 114917ad
// 重构日志: 23853aac
// 重构日志: 5b490b4d
// 重构日志: 39c44af4
// 同步 ID: 5907ac53 @ Tue Jul 14 00:49:51 UTC 2026
// 同步 ID: 8dd2692b @ Wed Jul 15 06:43:03 UTC 2026
// 重构日志: e01be59b
// 重构日志: 29db4c18
// 重构日志: f9df8b1d
// 重构日志: 6b6285d5
// 同步 ID: 2550971a @ Thu Jul 16 17:01:20 UTC 2026
// 重构日志: 31d9bf5a
// 重构日志: 884d28b1
// 重构日志: 5ccdc741
// 重构日志: 38dcf4ae
